09:10:27: [INFO] [C:\Projects\autonomy-bootcamp-2025-p2\modules\heartbeat\heartbeat_receiver_worker.py | heartbeat_receiver_worker | 46] Logger initialized
09:10:27: [INFO] [C:\Projects\autonomy-bootcamp-2025-p2\modules\heartbeat\heartbeat_receiver_worker.py | heartbeat_receiver_worker | 58] HeartbeatReceiver created successfully
09:10:27: [INFO] [C:\Projects\autonomy-bootcamp-2025-p2\modules\heartbeat\heartbeat_receiver.py | run | 63] Heartbeat received successfully
09:10:28: [INFO] [C:\Projects\autonomy-bootcamp-2025-p2\modules\heartbeat\heartbeat_receiver.py | run | 63] Heartbeat received successfully
09:10:29: [WARNING] [C:\Projects\autonomy-bootcamp-2025-p2\modules\heartbeat\heartbeat_receiver.py | run | 68] Missed heartbeat; Currently missed 1 heartbeats consecutively
09:10:29: [INFO] [C:\Projects\autonomy-bootcamp-2025-p2\modules\heartbeat\heartbeat_receiver.py | run | 63] Heartbeat received successfully
09:10:30: [WARNING] [C:\Projects\autonomy-bootcamp-2025-p2\modules\heartbeat\heartbeat_receiver.py | run | 68] Missed heartbeat; Currently missed 1 heartbeats consecutively
09:10:30: [INFO] [C:\Projects\autonomy-bootcamp-2025-p2\modules\heartbeat\heartbeat_receiver.py | run | 63] Heartbeat received successfully
09:10:31: [INFO] [C:\Projects\autonomy-bootcamp-2025-p2\modules\heartbeat\heartbeat_receiver.py | run | 63] Heartbeat received successfully
09:10:32: [WARNING] [C:\Projects\autonomy-bootcamp-2025-p2\modules\heartbeat\heartbeat_receiver.py | run | 68] Missed heartbeat; Currently missed 1 heartbeats consecutively
09:10:33: [WARNING] [C:\Projects\autonomy-bootcamp-2025-p2\modules\heartbeat\heartbeat_receiver.py | run | 68] Missed heartbeat; Currently missed 2 heartbeats consecutively
09:10:34: [WARNING] [C:\Projects\autonomy-bootcamp-2025-p2\modules\heartbeat\heartbeat_receiver.py | run | 68] Missed heartbeat; Currently missed 3 heartbeats consecutively
09:10:35: [WARNING] [C:\Projects\autonomy-bootcamp-2025-p2\modules\heartbeat\heartbeat_receiver.py | run | 68] Missed heartbeat; Currently missed 4 heartbeats consecutively
09:10:36: [WARNING] [C:\Projects\autonomy-bootcamp-2025-p2\modules\heartbeat\heartbeat_receiver.py | run | 68] Missed heartbeat; Currently missed 5 heartbeats consecutively
09:10:36: [WARNING] [C:\Projects\autonomy-bootcamp-2025-p2\modules\heartbeat\heartbeat_receiver.py | run | 74] Marked as Disconnected due to consecutive missed heartbeats
09:10:37: [WARNING] [C:\Projects\autonomy-bootcamp-2025-p2\modules\heartbeat\heartbeat_receiver.py | run | 68] Missed heartbeat; Currently missed 6 heartbeats consecutively
09:10:37: [WARNING] [C:\Projects\autonomy-bootcamp-2025-p2\modules\heartbeat\heartbeat_receiver.py | run | 74] Marked as Disconnected due to consecutive missed heartbeats
09:10:38: [WARNING] [C:\Projects\autonomy-bootcamp-2025-p2\modules\heartbeat\heartbeat_receiver.py | run | 68] Missed heartbeat; Currently missed 7 heartbeats consecutively
09:10:38: [WARNING] [C:\Projects\autonomy-bootcamp-2025-p2\modules\heartbeat\heartbeat_receiver.py | run | 74] Marked as Disconnected due to consecutive missed heartbeats
09:10:39: [WARNING] [C:\Projects\autonomy-bootcamp-2025-p2\modules\heartbeat\heartbeat_receiver.py | run | 68] Missed heartbeat; Currently missed 8 heartbeats consecutively
09:10:39: [WARNING] [C:\Projects\autonomy-bootcamp-2025-p2\modules\heartbeat\heartbeat_receiver.py | run | 74] Marked as Disconnected due to consecutive missed heartbeats
09:10:40: [INFO] [C:\Projects\autonomy-bootcamp-2025-p2\modules\heartbeat\heartbeat_receiver.py | run | 63] Heartbeat received successfully
09:10:41: [WARNING] [C:\Projects\autonomy-bootcamp-2025-p2\modules\heartbeat\heartbeat_receiver.py | run | 68] Missed heartbeat; Currently missed 1 heartbeats consecutively
09:10:41: [INFO] [C:\Projects\autonomy-bootcamp-2025-p2\modules\heartbeat\heartbeat_receiver.py | run | 63] Heartbeat received successfully
09:10:42: [WARNING] [C:\Projects\autonomy-bootcamp-2025-p2\modules\heartbeat\heartbeat_receiver.py | run | 68] Missed heartbeat; Currently missed 1 heartbeats consecutively
09:10:42: [INFO] [C:\Projects\autonomy-bootcamp-2025-p2\modules\heartbeat\heartbeat_receiver.py | run | 63] Heartbeat received successfully
09:10:43: [WARNING] [C:\Projects\autonomy-bootcamp-2025-p2\modules\heartbeat\heartbeat_receiver.py | run | 68] Missed heartbeat; Currently missed 1 heartbeats consecutively
09:10:43: [INFO] [C:\Projects\autonomy-bootcamp-2025-p2\modules\heartbeat\heartbeat_receiver.py | run | 63] Heartbeat received successfully
09:10:44: [INFO] [C:\Projects\autonomy-bootcamp-2025-p2\modules\heartbeat\heartbeat_receiver.py | run | 63] Heartbeat received successfully
09:10:45: [WARNING] [C:\Projects\autonomy-bootcamp-2025-p2\modules\heartbeat\heartbeat_receiver.py | run | 68] Missed heartbeat; Currently missed 1 heartbeats consecutively
09:10:46: [INFO] [C:\Projects\autonomy-bootcamp-2025-p2\modules\heartbeat\heartbeat_receiver.py | run | 63] Heartbeat received successfully
09:10:47: [WARNING] [C:\Projects\autonomy-bootcamp-2025-p2\modules\heartbeat\heartbeat_receiver.py | run | 68] Missed heartbeat; Currently missed 1 heartbeats consecutively
09:10:48: [WARNING] [C:\Projects\autonomy-bootcamp-2025-p2\modules\heartbeat\heartbeat_receiver.py | run | 68] Missed heartbeat; Currently missed 2 heartbeats consecutively
09:10:48: [INFO] [C:\Projects\autonomy-bootcamp-2025-p2\modules\heartbeat\heartbeat_receiver_worker.py | heartbeat_receiver_worker | 70] Exiting Heartbeat Receiver worker gracefully
